nohup: всі аргументи проігноровані
============================================================
 ПАЙПЛАЙН: short_fixed
   відео   : ../data/videos/Japan_vs_Poland_short.mp4
   модель  : ../training_models/models/main_model_april.pt
   сегмент : [0s, кінець]
============================================================
[1/3] YOLO26 детекція + IMM/UKF 3D-трекінг ...
[i] video=Japan_vs_Poland_short.mp4 fps=50.000 dt=0.02000s frames=[0,7317) total=7317 1920x1080
[i] Завантажую YOLO model: ../training_models/models/main_model_april.pt
[ok] Готово за 714.1s. detect=4698 used=4033 reject_floor=83 reject_ceiling=0 reject_oob=440 reject_trunc=95
     final_tracks=[]
     out -> runs/short_fixed_tracks.jsonl
[2/3] Просторово-часова статистика ...
[ok] JSON-зведення -> runs/short_fixed_stats.json
================================================================
  СТАТИСТИКА ГРИ З 3D-ТРАЄКТОРІЇ М'ЯЧА
================================================================
Джерело : runs/short_fixed_tracks.jsonl
Відео   : ../data/videos/Japan_vs_Poland_short.mp4
Кадрів  : 7317  (146.3 с @ 50 FPS)
Сітка   : площина Z = 9.0 м, висота 2.43 м

-- Покриття --
  Кадрів із підтвердженим м'ячем : 6006 (82.1%)
  Валідних ігрових кадрів        : 3864 (52.8%)  [у межах майданчика, tsu=0]
  Унікальних треків              : 30

-- Час за сторонами (сітка @ Z=9 м) --
  Ближня (Z<9) : 43.3 с  (56.1%)
  Дальня (Z>9) : 33.9 с  (43.9%)

-- Швидкість м'яча --
  Середня : 10.33 м/с  (37.2 км/год)
  Медіана : 9.09 м/с
  95-й перц.: 23.05 м/с
  Максимум: 39.64 м/с  (142.7 км/год)  [кадр 5918]

-- Висота --
  Середня : 2.90 м
  Максимум: 5.06 м  [кадр 6398]
  Кадрів над сіткою (Y>2.43) : 2677

-- Переходи через сітку та розіграші --
  Переходів через сітку : 95
  Сегментів-розіграшів  : 30
  Сумарний шлях м'яча   : 1331.2 м

  Топ-розіграші за тривалістю:
    #31  кадри 3856-4557  12.6с  Z[1.5..18.0]  vmax 32.0 м/с
    #2   кадри 141-625  8.5с  Z[-1.3..17.4]  vmax 32.4 м/с
    #13  кадри 1491-1798  5.5с  Z[3.8..19.5]  vmax 25.1 м/с
    #22  кадри 2858-3158  5.0с  Z[3.5..16.4]  vmax 30.5 м/с
    #37  кадри 4839-5147  4.7с  Z[4.9..19.4]  vmax 22.0 м/с
    #19  кадри 2137-2370  4.2с  Z[-1.5..15.1]  vmax 19.2 м/с
    #6   кадри 959-1190  3.8с  Z[2.3..19.6]  vmax 23.2 м/с
    #10  кадри 1226-1449  3.4с  Z[2.1..16.1]  vmax 21.7 м/с
================================================================
[3/3] Рендер оверлею ...
  ... 200 кадрів
  ... 400 кадрів
  ... 600 кадрів
  ... 800 кадрів
  ... 1000 кадрів
  ... 1200 кадрів
  ... 1400 кадрів
  ... 1600 кадрів
  ... 1800 кадрів
  ... 2000 кадрів
  ... 2200 кадрів
  ... 2400 кадрів
  ... 2600 кадрів
  ... 2800 кадрів
  ... 3000 кадрів
  ... 3200 кадрів
  ... 3400 кадрів
  ... 3600 кадрів
  ... 3800 кадрів
  ... 4000 кадрів
  ... 4200 кадрів
  ... 4400 кадрів
  ... 4600 кадрів
  ... 4800 кадрів
  ... 5000 кадрів
  ... 5200 кадрів
  ... 5400 кадрів
  ... 5600 кадрів
  ... 5800 кадрів
  ... 6000 кадрів
  ... 6200 кадрів
  ... 6400 кадрів
  ... 6600 кадрів
  ... 6800 кадрів
  ... 7000 кадрів
  ... 7200 кадрів
[ok] 7317 кадрів -> runs/short_fixed_overlay.mp4
============================================================
 ГОТОВО. Артефакти:
   трекінг   : runs/short_fixed_tracks.jsonl
   статистика: runs/short_fixed_stats.json
   оверлей   : runs/short_fixed_overlay.mp4
============================================================
